Archive member included to satisfy reference by file (symbol)

D:\CH592\EVT\EXAM\SRC\StdPeriphDriver\libISP592.a(ISP583.o)
                              ./StdPeriphDriver/CH59x_flash.o (FLASH_EEPROM_CMD)
d:/xtx串口助手/mounriver_studio/toolchain/risc-v embedded gcc/bin/../lib/gcc/riscv-none-embed/8.2.0/rv32imac/ilp32\libgcc.a(_divdi3.o)
                              ./StdPeriphDriver/CH59x_clk.o (__divdi3)
d:/xtx串口助手/mounriver_studio/toolchain/risc-v embedded gcc/bin/../lib/gcc/riscv-none-embed/8.2.0/rv32imac/ilp32\libgcc.a(_clz.o)
                              d:/xtx串口助手/mounriver_studio/toolchain/risc-v embedded gcc/bin/../lib/gcc/riscv-none-embed/8.2.0/rv32imac/ilp32\libgcc.a(_divdi3.o) (__clz_tab)
d:/xtx串口助手/mounriver_studio/toolchain/risc-v embedded gcc/bin/../lib/gcc/riscv-none-embed/8.2.0/../../../../riscv-none-embed/lib/rv32imac/ilp32\libg_nano.a(lib_a-strcmp.o)
                              ./src/ws2812.o (strcmp)
d:/xtx串口助手/mounriver_studio/toolchain/risc-v embedded gcc/bin/../lib/gcc/riscv-none-embed/8.2.0/../../../../riscv-none-embed/lib/rv32imac/ilp32\libg_nano.a(lib_a-strlen.o)
                              ./src/ws2812.o (strlen)
d:/xtx串口助手/mounriver_studio/toolchain/risc-v embedded gcc/bin/../lib/gcc/riscv-none-embed/8.2.0/../../../../riscv-none-embed/lib/rv32imac/ilp32\libg_nano.a(lib_a-strncpy.o)
                              ./src/ws2812.o (strncpy)

Discarded input sections

 .text          0x0000000000000000        0x0 ./src/Main.o
 .data          0x0000000000000000        0x0 ./src/Main.o
 .bss           0x0000000000000000        0x0 ./src/Main.o
 .text          0x0000000000000000        0x0 ./src/ws2812.o
 .data          0x0000000000000000        0x0 ./src/ws2812.o
 .bss           0x0000000000000000        0x0 ./src/ws2812.o
 .text          0x0000000000000000        0x0 ./StdPeriphDriver/CH59x_clk.o
 .data          0x0000000000000000        0x0 ./StdPeriphDriver/CH59x_clk.o
 .bss           0x0000000000000000        0x0 ./StdPeriphDriver/CH59x_clk.o
 .text.LClk32K_Cfg
                0x0000000000000000       0x66 ./StdPeriphDriver/CH59x_clk.o
 .text.HSECFG_Current
                0x0000000000000000       0x4e ./StdPeriphDriver/CH59x_clk.o
 .text.HSECFG_Capacitance
                0x0000000000000000       0x52 ./StdPeriphDriver/CH59x_clk.o
 .text.LSECFG_Current
                0x0000000000000000       0x4e ./StdPeriphDriver/CH59x_clk.o
 .text.LClk32K_Select
                0x0000000000000000       0x6a ./StdPeriphDriver/CH59x_clk.o
 .text.LSECFG_Capacitance
                0x0000000000000000       0x50 ./StdPeriphDriver/CH59x_clk.o
 .text.RTC_InitTime
                0x0000000000000000      0x1d0 ./StdPeriphDriver/CH59x_clk.o
 .text.RTC_GetTime
                0x0000000000000000      0x15c ./StdPeriphDriver/CH59x_clk.o
 .text.RTC_SetCycle32k
                0x0000000000000000       0x72 ./StdPeriphDriver/CH59x_clk.o
 .highcode      0x0000000000000000       0x18 ./StdPeriphDriver/CH59x_clk.o
 .text.Calibration_LSI
                0x0000000000000000      0x8c4 ./StdPeriphDriver/CH59x_clk.o
 .text.RTC_TMRFunCfg
                0x0000000000000000       0x84 ./StdPeriphDriver/CH59x_clk.o
 .text.RTC_TRIGFunCfg
                0x0000000000000000       0x6e ./StdPeriphDriver/CH59x_clk.o
 .text.RTC_ModeFunDisable
                0x0000000000000000       0x5c ./StdPeriphDriver/CH59x_clk.o
 .text.RTC_GetITFlag
                0x0000000000000000       0x1a ./StdPeriphDriver/CH59x_clk.o
 .text.RTC_ClearITFlag
                0x0000000000000000       0x20 ./StdPeriphDriver/CH59x_clk.o
 .debug_info    0x0000000000000000     0x2242 ./StdPeriphDriver/CH59x_clk.o
 .debug_abbrev  0x0000000000000000      0x462 ./StdPeriphDriver/CH59x_clk.o
 .debug_loc     0x0000000000000000      0xccc ./StdPeriphDriver/CH59x_clk.o
 .debug_aranges
                0x0000000000000000       0x98 ./StdPeriphDriver/CH59x_clk.o
 .debug_ranges  0x0000000000000000      0x1b8 ./StdPeriphDriver/CH59x_clk.o
 .debug_line    0x0000000000000000     0x2d13 ./StdPeriphDriver/CH59x_clk.o
 .debug_str     0x0000000000000000      0xd0d ./StdPeriphDriver/CH59x_clk.o
 .comment       0x0000000000000000       0x34 ./StdPeriphDriver/CH59x_clk.o
 .debug_frame   0x0000000000000000      0x1e4 ./StdPeriphDriver/CH59x_clk.o
 .text          0x0000000000000000        0x0 ./StdPeriphDriver/CH59x_flash.o
 .data          0x0000000000000000        0x0 ./StdPeriphDriver/CH59x_flash.o
 .bss           0x0000000000000000        0x0 ./StdPeriphDriver/CH59x_flash.o
 .text.FLASH_ROM_READ
                0x0000000000000000       0x1c ./StdPeriphDriver/CH59x_flash.o
 .text.UserOptionByteConfig
                0x0000000000000000       0xdc ./StdPeriphDriver/CH59x_flash.o
 .text.UserOptionByteClose_SWD
                0x0000000000000000       0x7e ./StdPeriphDriver/CH59x_flash.o
 .text.UserOptionByte_Active
                0x0000000000000000       0x88 ./StdPeriphDriver/CH59x_flash.o
 .text.GET_UNIQUE_ID
                0x0000000000000000       0x5a ./StdPeriphDriver/CH59x_flash.o
 .debug_info    0x0000000000000000     0x1075 ./StdPeriphDriver/CH59x_flash.o
 .debug_abbrev  0x0000000000000000      0x349 ./StdPeriphDriver/CH59x_flash.o
 .debug_loc     0x0000000000000000      0x266 ./StdPeriphDriver/CH59x_flash.o
 .debug_aranges
                0x0000000000000000       0x40 ./StdPeriphDriver/CH59x_flash.o
 .debug_ranges  0x0000000000000000       0x30 ./StdPeriphDriver/CH59x_flash.o
 .debug_line    0x0000000000000000      0x823 ./StdPeriphDriver/CH59x_flash.o
 .debug_str     0x0000000000000000      0x957 ./StdPeriphDriver/CH59x_flash.o
 .comment       0x0000000000000000       0x34 ./StdPeriphDriver/CH59x_flash.o
 .debug_frame   0x0000000000000000       0xa4 ./StdPeriphDriver/CH59x_flash.o
 .text          0x0000000000000000        0x0 ./StdPeriphDriver/CH59x_gpio.o
 .data          0x0000000000000000        0x0 ./StdPeriphDriver/CH59x_gpio.o
 .bss           0x0000000000000000        0x0 ./StdPeriphDriver/CH59x_gpio.o
 .text.GPIOA_ModeCfg
                0x0000000000000000       0xa6 ./StdPeriphDriver/CH59x_gpio.o
 .rodata.GPIOA_ModeCfg
                0x0000000000000000       0x14 ./StdPeriphDriver/CH59x_gpio.o
 .text.GPIOA_ITModeCfg
                0x0000000000000000       0x82 ./StdPeriphDriver/CH59x_gpio.o
 .text.GPIOB_ITModeCfg
                0x0000000000000000       0x8a ./StdPeriphDriver/CH59x_gpio.o
 .text.GPIOPinRemap
                0x0000000000000000       0x1a ./StdPeriphDriver/CH59x_gpio.o
 .text.GPIOAGPPCfg
                0x0000000000000000       0x1a ./StdPeriphDriver/CH59x_gpio.o
 .text          0x0000000000000000        0x0 ./StdPeriphDriver/CH59x_i2c.o
 .data          0x0000000000000000        0x0 ./StdPeriphDriver/CH59x_i2c.o
 .bss           0x0000000000000000        0x0 ./StdPeriphDriver/CH59x_i2c.o
 .text.I2C_Cmd  0x0000000000000000       0x20 ./StdPeriphDriver/CH59x_i2c.o
 .text.I2C_GenerateSTART
                0x0000000000000000       0x22 ./StdPeriphDriver/CH59x_i2c.o
 .text.I2C_GenerateSTOP
                0x0000000000000000       0x22 ./StdPeriphDriver/CH59x_i2c.o
 .text.I2C_AcknowledgeConfig
                0x0000000000000000       0x22 ./StdPeriphDriver/CH59x_i2c.o
 .text.I2C_OwnAddress2Config
                0x0000000000000000       0x28 ./StdPeriphDriver/CH59x_i2c.o
 .text.I2C_DualAddressCmd
                0x0000000000000000       0x20 ./StdPeriphDriver/CH59x_i2c.o
 .text.I2C_GeneralCallCmd
                0x0000000000000000       0x22 ./StdPeriphDriver/CH59x_i2c.o
 .text.I2C_ITConfig
                0x0000000000000000       0x1e ./StdPeriphDriver/CH59x_i2c.o
 .text.I2C_SendData
                0x0000000000000000        0xa ./StdPeriphDriver/CH59x_i2c.o
 .text.I2C_ReceiveData
                0x0000000000000000        0xe ./StdPeriphDriver/CH59x_i2c.o
 .text.I2C_Send7bitAddress
                0x0000000000000000       0x18 ./StdPeriphDriver/CH59x_i2c.o
 .text.I2C_SoftwareResetCmd
                0x0000000000000000       0x1a ./StdPeriphDriver/CH59x_i2c.o
 .text.I2C_Init
                0x0000000000000000      0x162 ./StdPeriphDriver/CH59x_i2c.o
 .text.I2C_NACKPositionConfig
                0x0000000000000000       0x2a ./StdPeriphDriver/CH59x_i2c.o
 .text.I2C_SMBusAlertConfig
                0x0000000000000000       0x24 ./StdPeriphDriver/CH59x_i2c.o
 .text.I2C_TransmitPEC
                0x0000000000000000       0x20 ./StdPeriphDriver/CH59x_i2c.o
 .text.I2C_PECPositionConfig
                0x0000000000000000        0x8 ./StdPeriphDriver/CH59x_i2c.o
 .text.I2C_CalculatePEC
                0x0000000000000000       0x22 ./StdPeriphDriver/CH59x_i2c.o
 .text.I2C_GetPEC
                0x0000000000000000        0xc ./StdPeriphDriver/CH59x_i2c.o
 .text.I2C_ARPCmd
                0x0000000000000000       0x20 ./StdPeriphDriver/CH59x_i2c.o
 .text.I2C_StretchClockCmd
                0x0000000000000000       0x22 ./StdPeriphDriver/CH59x_i2c.o
 .text.I2C_FastModeDutyCycleConfig
                0x0000000000000000       0x24 ./StdPeriphDriver/CH59x_i2c.o
 .text.I2C_CheckEvent
                0x0000000000000000       0x20 ./StdPeriphDriver/CH59x_i2c.o
 .text.I2C_GetLastEvent
                0x0000000000000000       0x16 ./StdPeriphDriver/CH59x_i2c.o
 .text.I2C_GetFlagStatus
                0x0000000000000000       0x3a ./StdPeriphDriver/CH59x_i2c.o
 .text.I2C_ClearFlag
                0x0000000000000000       0x12 ./StdPeriphDriver/CH59x_i2c.o
 .text.I2C_GetITStatus
                0x0000000000000000       0x26 ./StdPeriphDriver/CH59x_i2c.o
 .text.I2C_ClearITPendingBit
                0x0000000000000000        0x8 ./StdPeriphDriver/CH59x_i2c.o
 .debug_info    0x0000000000000000     0x138e ./StdPeriphDriver/CH59x_i2c.o
 .debug_abbrev  0x0000000000000000      0x3c2 ./StdPeriphDriver/CH59x_i2c.o
 .debug_loc     0x0000000000000000      0x5b8 ./StdPeriphDriver/CH59x_i2c.o
 .debug_aranges
                0x0000000000000000       0xe8 ./StdPeriphDriver/CH59x_i2c.o
 .debug_ranges  0x0000000000000000      0x120 ./StdPeriphDriver/CH59x_i2c.o
 .debug_line    0x0000000000000000      0xf31 ./StdPeriphDriver/CH59x_i2c.o
 .debug_str     0x0000000000000000      0xc87 ./StdPeriphDriver/CH59x_i2c.o
 .comment       0x0000000000000000       0x34 ./StdPeriphDriver/CH59x_i2c.o
 .debug_frame   0x0000000000000000      0x1fc ./StdPeriphDriver/CH59x_i2c.o
 .text          0x0000000000000000        0x0 ./StdPeriphDriver/CH59x_lcd.o
 .data          0x0000000000000000        0x0 ./StdPeriphDriver/CH59x_lcd.o
 .bss           0x0000000000000000        0x0 ./StdPeriphDriver/CH59x_lcd.o
 .text.LCD_Init
                0x0000000000000000       0x38 ./StdPeriphDriver/CH59x_lcd.o
 .debug_info    0x0000000000000000      0xceb ./StdPeriphDriver/CH59x_lcd.o
 .debug_abbrev  0x0000000000000000      0x208 ./StdPeriphDriver/CH59x_lcd.o
 .debug_loc     0x0000000000000000       0x42 ./StdPeriphDriver/CH59x_lcd.o
 .debug_aranges
                0x0000000000000000       0x20 ./StdPeriphDriver/CH59x_lcd.o
 .debug_ranges  0x0000000000000000       0x10 ./StdPeriphDriver/CH59x_lcd.o
 .debug_line    0x0000000000000000      0x2ac ./StdPeriphDriver/CH59x_lcd.o
 .debug_str     0x0000000000000000      0x8c4 ./StdPeriphDriver/CH59x_lcd.o
 .comment       0x0000000000000000       0x34 ./StdPeriphDriver/CH59x_lcd.o
 .debug_frame   0x0000000000000000       0x20 ./StdPeriphDriver/CH59x_lcd.o
 .text          0x0000000000000000        0x0 ./StdPeriphDriver/CH59x_pwm.o
 .data          0x0000000000000000        0x0 ./StdPeriphDriver/CH59x_pwm.o
 .bss           0x0000000000000000        0x0 ./StdPeriphDriver/CH59x_pwm.o
 .text.PWMX_CycleCfg
                0x0000000000000000       0x70 ./StdPeriphDriver/CH59x_pwm.o
 .rodata.PWMX_CycleCfg
                0x0000000000000000       0x18 ./StdPeriphDriver/CH59x_pwm.o
 .text.PWMX_16bit_CycleCfg
                0x0000000000000000       0x18 ./StdPeriphDriver/CH59x_pwm.o
 .text.PWMX_16bit_ACTOUT
                0x0000000000000000       0x70 ./StdPeriphDriver/CH59x_pwm.o
 .text.PWMX_ACTOUT
                0x0000000000000000       0x5e ./StdPeriphDriver/CH59x_pwm.o
 .text.PWMX_AlterOutCfg
                0x0000000000000000       0x1a ./StdPeriphDriver/CH59x_pwm.o
 .debug_info    0x0000000000000000      0xe17 ./StdPeriphDriver/CH59x_pwm.o
 .debug_abbrev  0x0000000000000000      0x246 ./StdPeriphDriver/CH59x_pwm.o
 .debug_loc     0x0000000000000000      0x26e ./StdPeriphDriver/CH59x_pwm.o
 .debug_aranges
                0x0000000000000000       0x40 ./StdPeriphDriver/CH59x_pwm.o
 .debug_ranges  0x0000000000000000       0x30 ./StdPeriphDriver/CH59x_pwm.o
 .debug_line    0x0000000000000000      0x604 ./StdPeriphDriver/CH59x_pwm.o
 .debug_str     0x0000000000000000      0x92a ./StdPeriphDriver/CH59x_pwm.o
 .comment       0x0000000000000000       0x34 ./StdPeriphDriver/CH59x_pwm.o
 .debug_frame   0x0000000000000000       0x60 ./StdPeriphDriver/CH59x_pwm.o
 .text          0x0000000000000000        0x0 ./StdPeriphDriver/CH59x_pwr.o
 .data          0x0000000000000000        0x0 ./StdPeriphDriver/CH59x_pwr.o
 .bss           0x0000000000000000        0x0 ./StdPeriphDriver/CH59x_pwr.o
 .text.PWR_DCDCCfg
                0x0000000000000000      0x122 ./StdPeriphDriver/CH59x_pwr.o
 .text.PWR_UnitModCfg
                0x0000000000000000       0x5e ./StdPeriphDriver/CH59x_pwr.o
 .text.PWR_PeriphClkCfg
                0x0000000000000000       0x52 ./StdPeriphDriver/CH59x_pwr.o
 .text.PWR_PeriphWakeUpCfg
                0x0000000000000000       0xfc ./StdPeriphDriver/CH59x_pwr.o
 .text.PowerMonitor
                0x0000000000000000       0xec ./StdPeriphDriver/CH59x_pwr.o
 .highcode      0x0000000000000000      0x532 ./StdPeriphDriver/CH59x_pwr.o
 .debug_info    0x0000000000000000     0x2055 ./StdPeriphDriver/CH59x_pwr.o
 .debug_abbrev  0x0000000000000000      0x416 ./StdPeriphDriver/CH59x_pwr.o
 .debug_loc     0x0000000000000000      0x7ad ./StdPeriphDriver/CH59x_pwr.o
 .debug_aranges
                0x0000000000000000       0x60 ./StdPeriphDriver/CH59x_pwr.o
 .debug_ranges  0x0000000000000000      0x148 ./StdPeriphDriver/CH59x_pwr.o
 .debug_line    0x0000000000000000     0x1d89 ./StdPeriphDriver/CH59x_pwr.o
 .debug_str     0x0000000000000000      0xbde ./StdPeriphDriver/CH59x_pwr.o
 .comment       0x0000000000000000       0x34 ./StdPeriphDriver/CH59x_pwr.o
 .debug_frame   0x0000000000000000      0x160 ./StdPeriphDriver/CH59x_pwr.o
 .text          0x0000000000000000        0x0 ./StdPeriphDriver/CH59x_sys.o
 .data          0x0000000000000000        0x0 ./StdPeriphDriver/CH59x_sys.o
 .bss           0x0000000000000000        0x0 ./StdPeriphDriver/CH59x_sys.o
 .text.GetSysClock
                0x0000000000000000       0x40 ./StdPeriphDriver/CH59x_sys.o
 .text.SYS_GetInfoSta
                0x0000000000000000       0x24 ./StdPeriphDriver/CH59x_sys.o
 .text.SYS_DisableAllIrq
                0x0000000000000000       0x1c ./StdPeriphDriver/CH59x_sys.o
 .text.SYS_RecoverIrq
                0x0000000000000000       0x14 ./StdPeriphDriver/CH59x_sys.o
 .text.SYS_GetSysTickCnt
                0x0000000000000000        0xa ./StdPeriphDriver/CH59x_sys.o
 .text.WWDG_ITCfg
                0x0000000000000000       0x58 ./StdPeriphDriver/CH59x_sys.o
 .text.WWDG_ResetCfg
                0x0000000000000000       0x58 ./StdPeriphDriver/CH59x_sys.o
 .text.WWDG_ClearFlag
                0x0000000000000000       0x4a ./StdPeriphDriver/CH59x_sys.o
 .text._write   0x0000000000000000       0x28 ./StdPeriphDriver/CH59x_sys.o
 .text._sbrk    0x0000000000000000       0x34 ./StdPeriphDriver/CH59x_sys.o
 .sdata.curbrk.3964
                0x0000000000000000        0x4 ./StdPeriphDriver/CH59x_sys.o
 .text          0x0000000000000000        0x0 ./StdPeriphDriver/CH59x_uart0.o
 .data          0x0000000000000000        0x0 ./StdPeriphDriver/CH59x_uart0.o
 .bss           0x0000000000000000        0x0 ./StdPeriphDriver/CH59x_uart0.o
 .text.UART0_BaudRateCfg
                0x0000000000000000       0x36 ./StdPeriphDriver/CH59x_uart0.o
 .text.UART0_DefInit
                0x0000000000000000       0x38 ./StdPeriphDriver/CH59x_uart0.o
 .text.UART0_ByteTrigCfg
                0x0000000000000000       0x1a ./StdPeriphDriver/CH59x_uart0.o
 .text.UART0_INTCfg
                0x0000000000000000       0x2a ./StdPeriphDriver/CH59x_uart0.o
 .text.UART0_Reset
                0x0000000000000000        0xe ./StdPeriphDriver/CH59x_uart0.o
 .text.UART0_SendString
                0x0000000000000000       0x28 ./StdPeriphDriver/CH59x_uart0.o
 .text.UART0_RecvString
                0x0000000000000000       0x2a ./StdPeriphDriver/CH59x_uart0.o
 .debug_info    0x0000000000000000      0xe0a ./StdPeriphDriver/CH59x_uart0.o
 .debug_abbrev  0x0000000000000000      0x2aa ./StdPeriphDriver/CH59x_uart0.o
 .debug_loc     0x0000000000000000      0x1ed ./StdPeriphDriver/CH59x_uart0.o
 .debug_aranges
                0x0000000000000000       0x50 ./StdPeriphDriver/CH59x_uart0.o
 .debug_ranges  0x0000000000000000       0x40 ./StdPeriphDriver/CH59x_uart0.o
 .debug_line    0x0000000000000000      0x586 ./StdPeriphDriver/CH59x_uart0.o
 .debug_str     0x0000000000000000      0x92b ./StdPeriphDriver/CH59x_uart0.o
 .comment       0x0000000000000000       0x34 ./StdPeriphDriver/CH59x_uart0.o
 .debug_frame   0x0000000000000000       0x9c ./StdPeriphDriver/CH59x_uart0.o
 .text          0x0000000000000000        0x0 ./StdPeriphDriver/CH59x_uart1.o
 .data          0x0000000000000000        0x0 ./StdPeriphDriver/CH59x_uart1.o
 .bss           0x0000000000000000        0x0 ./StdPeriphDriver/CH59x_uart1.o
 .text.UART1_BaudRateCfg
                0x0000000000000000       0x36 ./StdPeriphDriver/CH59x_uart1.o
 .text.UART1_DefInit
                0x0000000000000000       0x38 ./StdPeriphDriver/CH59x_uart1.o
 .text.UART1_ByteTrigCfg
                0x0000000000000000       0x1a ./StdPeriphDriver/CH59x_uart1.o
 .text.UART1_INTCfg
                0x0000000000000000       0x2a ./StdPeriphDriver/CH59x_uart1.o
 .text.UART1_Reset
                0x0000000000000000        0xe ./StdPeriphDriver/CH59x_uart1.o
 .text.UART1_SendString
                0x0000000000000000       0x28 ./StdPeriphDriver/CH59x_uart1.o
 .text.UART1_RecvString
                0x0000000000000000       0x2a ./StdPeriphDriver/CH59x_uart1.o
 .debug_info    0x0000000000000000      0xe0a ./StdPeriphDriver/CH59x_uart1.o
 .debug_abbrev  0x0000000000000000      0x2aa ./StdPeriphDriver/CH59x_uart1.o
 .debug_loc     0x0000000000000000      0x1ed ./StdPeriphDriver/CH59x_uart1.o
 .debug_aranges
                0x0000000000000000       0x50 ./StdPeriphDriver/CH59x_uart1.o
 .debug_ranges  0x0000000000000000       0x40 ./StdPeriphDriver/CH59x_uart1.o
 .debug_line    0x0000000000000000      0x586 ./StdPeriphDriver/CH59x_uart1.o
 .debug_str     0x0000000000000000      0x92b ./StdPeriphDriver/CH59x_uart1.o
 .comment       0x0000000000000000       0x34 ./StdPeriphDriver/CH59x_uart1.o
 .debug_frame   0x0000000000000000       0x9c ./StdPeriphDriver/CH59x_uart1.o
 .text          0x0000000000000000        0x0 ./Startup/startup_CH592.o
 .data          0x0000000000000000        0x0 ./Startup/startup_CH592.o
 .bss           0x0000000000000000        0x0 ./Startup/startup_CH592.o
 .text          0x0000000000000000        0x0 ./RVMSIS/core_riscv.o
 .data          0x0000000000000000        0x0 ./RVMSIS/core_riscv.o
 .bss           0x0000000000000000        0x0 ./RVMSIS/core_riscv.o
 .text.__get_MSTATUS
                0x0000000000000000        0x6 ./RVMSIS/core_riscv.o
 .text.__set_MSTATUS
                0x0000000000000000        0x6 ./RVMSIS/core_riscv.o
 .text.__get_MISA
                0x0000000000000000        0x6 ./RVMSIS/core_riscv.o
 .text.__set_MISA
                0x0000000000000000        0x6 ./RVMSIS/core_riscv.o
 .text.__get_MTVEC
                0x0000000000000000        0x6 ./RVMSIS/core_riscv.o
 .text.__set_MTVEC
                0x0000000000000000        0x6 ./RVMSIS/core_riscv.o
 .text.__get_MSCRATCH
                0x0000000000000000        0x6 ./RVMSIS/core_riscv.o
 .text.__set_MSCRATCH
                0x0000000000000000        0x6 ./RVMSIS/core_riscv.o
 .text.__get_MEPC
                0x0000000000000000        0x6 ./RVMSIS/core_riscv.o
 .text.__set_MEPC
                0x0000000000000000        0x6 ./RVMSIS/core_riscv.o
 .text.__get_MCAUSE
                0x0000000000000000        0x6 ./RVMSIS/core_riscv.o
 .text.__set_MCAUSE
                0x0000000000000000        0x6 ./RVMSIS/core_riscv.o
 .text.__get_MTVAL
                0x0000000000000000        0x6 ./RVMSIS/core_riscv.o
 .text.__set_MTVAL
                0x0000000000000000        0x6 ./RVMSIS/core_riscv.o
 .text.__get_MVENDORID
                0x0000000000000000        0x6 ./RVMSIS/core_riscv.o
 .text.__get_MARCHID
                0x0000000000000000        0x6 ./RVMSIS/core_riscv.o
 .text.__get_MIMPID
                0x0000000000000000        0x6 ./RVMSIS/core_riscv.o
 .text.__get_MHARTID
                0x0000000000000000        0x6 ./RVMSIS/core_riscv.o
 .text.__get_SP
                0x0000000000000000        0x4 ./RVMSIS/core_riscv.o
 .debug_info    0x0000000000000000      0x376 ./RVMSIS/core_riscv.o
 .debug_abbrev  0x0000000000000000       0xe0 ./RVMSIS/core_riscv.o
 .debug_aranges
                0x0000000000000000       0xb0 ./RVMSIS/core_riscv.o
 .debug_ranges  0x0000000000000000       0xa0 ./RVMSIS/core_riscv.o
 .debug_line    0x0000000000000000      0x45f ./RVMSIS/core_riscv.o
 .debug_str     0x0000000000000000      0x2a1 ./RVMSIS/core_riscv.o
 .comment       0x0000000000000000       0x34 ./RVMSIS/core_riscv.o
 .debug_frame   0x0000000000000000      0x140 ./RVMSIS/core_riscv.o
 .text          0x0000000000000000        0x0 D:\CH592\EVT\EXAM\SRC\StdPeriphDriver\libISP592.a(ISP583.o)
 .data          0x0000000000000000        0x0 D:\CH592\EVT\EXAM\SRC\StdPeriphDriver\libISP592.a(ISP583.o)
 .bss           0x0000000000000000        0x0 D:\CH592\EVT\EXAM\SRC\StdPeriphDriver\libISP592.a(ISP583.o)
 .text          0x0000000000000000        0x0 d:/xtx串口助手/mounriver_studio/toolchain/risc-v embedded gcc/bin/../lib/gcc/riscv-none-embed/8.2.0/rv32imac/ilp32\libgcc.a(_divdi3.o)
 .data          0x0000000000000000        0x0 d:/xtx串口助手/mounriver_studio/toolchain/risc-v embedded gcc/bin/../lib/gcc/riscv-none-embed/8.2.0/rv32imac/ilp32\libgcc.a(_divdi3.o)
 .bss           0x0000000000000000        0x0 d:/xtx串口助手/mounriver_studio/toolchain/risc-v embedded gcc/bin/../lib/gcc/riscv-none-embed/8.2.0/rv32imac/ilp32\libgcc.a(_divdi3.o)
 .text.__divdi3
                0x0000000000000000      0x3d8 d:/xtx串口助手/mounriver_studio/toolchain/risc-v embedded gcc/bin/../lib/gcc/riscv-none-embed/8.2.0/rv32imac/ilp32\libgcc.a(_divdi3.o)
 .eh_frame      0x0000000000000000       0x28 d:/xtx串口助手/mounriver_studio/toolchain/risc-v embedded gcc/bin/../lib/gcc/riscv-none-embed/8.2.0/rv32imac/ilp32\libgcc.a(_divdi3.o)
 .text          0x0000000000000000        0x0 d:/xtx串口助手/mounriver_studio/toolchain/risc-v embedded gcc/bin/../lib/gcc/riscv-none-embed/8.2.0/rv32imac/ilp32\libgcc.a(_clz.o)
 .data          0x0000000000000000        0x0 d:/xtx串口助手/mounriver_studio/toolchain/risc-v embedded gcc/bin/../lib/gcc/riscv-none-embed/8.2.0/rv32imac/ilp32\libgcc.a(_clz.o)
 .bss           0x0000000000000000        0x0 d:/xtx串口助手/mounriver_studio/toolchain/risc-v embedded gcc/bin/../lib/gcc/riscv-none-embed/8.2.0/rv32imac/ilp32\libgcc.a(_clz.o)
 .rodata.__clz_tab
                0x0000000000000000      0x100 d:/xtx串口助手/mounriver_studio/toolchain/risc-v embedded gcc/bin/../lib/gcc/riscv-none-embed/8.2.0/rv32imac/ilp32\libgcc.a(_clz.o)
 .data          0x0000000000000000        0x0 d:/xtx串口助手/mounriver_studio/toolchain/risc-v embedded gcc/bin/../lib/gcc/riscv-none-embed/8.2.0/../../../../riscv-none-embed/lib/rv32imac/ilp32\libg_nano.a(lib_a-strcmp.o)
 .bss           0x0000000000000000        0x0 d:/xtx串口助手/mounriver_studio/toolchain/risc-v embedded gcc/bin/../lib/gcc/riscv-none-embed/8.2.0/../../../../riscv-none-embed/lib/rv32imac/ilp32\libg_nano.a(lib_a-strcmp.o)
 .text          0x0000000000000000        0x0 d:/xtx串口助手/mounriver_studio/toolchain/risc-v embedded gcc/bin/../lib/gcc/riscv-none-embed/8.2.0/../../../../riscv-none-embed/lib/rv32imac/ilp32\libg_nano.a(lib_a-strlen.o)
 .data          0x0000000000000000        0x0 d:/xtx串口助手/mounriver_studio/toolchain/risc-v embedded gcc/bin/../lib/gcc/riscv-none-embed/8.2.0/../../../../riscv-none-embed/lib/rv32imac/ilp32\libg_nano.a(lib_a-strlen.o)
 .bss           0x0000000000000000        0x0 d:/xtx串口助手/mounriver_studio/toolchain/risc-v embedded gcc/bin/../lib/gcc/riscv-none-embed/8.2.0/../../../../riscv-none-embed/lib/rv32imac/ilp32\libg_nano.a(lib_a-strlen.o)
 .text          0x0000000000000000        0x0 d:/xtx串口助手/mounriver_studio/toolchain/risc-v embedded gcc/bin/../lib/gcc/riscv-none-embed/8.2.0/../../../../riscv-none-embed/lib/rv32imac/ilp32\libg_nano.a(lib_a-strncpy.o)
 .data          0x0000000000000000        0x0 d:/xtx串口助手/mounriver_studio/toolchain/risc-v embedded gcc/bin/../lib/gcc/riscv-none-embed/8.2.0/../../../../riscv-none-embed/lib/rv32imac/ilp32\libg_nano.a(lib_a-strncpy.o)
 .bss           0x0000000000000000        0x0 d:/xtx串口助手/mounriver_studio/toolchain/risc-v embedded gcc/bin/../lib/gcc/riscv-none-embed/8.2.0/../../../../riscv-none-embed/lib/rv32imac/ilp32\libg_nano.a(lib_a-strncpy.o)

Memory Configuration

Name             Origin             Length             Attributes
FLASH            0x0000000000000000 0x0000000000070000 xr
RAM              0x0000000020000000 0x0000000000006800 xrw
*default*        0x0000000000000000 0xffffffffffffffff

Linker script and memory map

LOAD ./src/Main.o
LOAD ./src/ws2812.o
LOAD ./StdPeriphDriver/CH59x_clk.o
LOAD ./StdPeriphDriver/CH59x_flash.o
LOAD ./StdPeriphDriver/CH59x_gpio.o
LOAD ./StdPeriphDriver/CH59x_i2c.o
LOAD ./StdPeriphDriver/CH59x_lcd.o
LOAD ./StdPeriphDriver/CH59x_pwm.o
LOAD ./StdPeriphDriver/CH59x_pwr.o
LOAD ./StdPeriphDriver/CH59x_sys.o
LOAD ./StdPeriphDriver/CH59x_uart0.o
LOAD ./StdPeriphDriver/CH59x_uart1.o
LOAD ./Startup/startup_CH592.o
LOAD ./RVMSIS/core_riscv.o
LOAD D:\CH592\EVT\EXAM\SRC\StdPeriphDriver\libISP592.a
LOAD d:/xtx串口助手/mounriver_studio/toolchain/risc-v embedded gcc/bin/../lib/gcc/riscv-none-embed/8.2.0/rv32imac/ilp32\libgcc.a
LOAD d:/xtx串口助手/mounriver_studio/toolchain/risc-v embedded gcc/bin/../lib/gcc/riscv-none-embed/8.2.0/../../../../riscv-none-embed/lib/rv32imac/ilp32\libg_nano.a
LOAD d:/xtx串口助手/mounriver_studio/toolchain/risc-v embedded gcc/bin/../lib/gcc/riscv-none-embed/8.2.0/../../../../riscv-none-embed/lib/rv32imac/ilp32\libc_nano.a
LOAD d:/xtx串口助手/mounriver_studio/toolchain/risc-v embedded gcc/bin/../lib/gcc/riscv-none-embed/8.2.0/rv32imac/ilp32\libgcc.a
START GROUP
LOAD d:/xtx串口助手/mounriver_studio/toolchain/risc-v embedded gcc/bin/../lib/gcc/riscv-none-embed/8.2.0/rv32imac/ilp32\libgcc.a
LOAD d:/xtx串口助手/mounriver_studio/toolchain/risc-v embedded gcc/bin/../lib/gcc/riscv-none-embed/8.2.0/../../../../riscv-none-embed/lib/rv32imac/ilp32\libc_nano.a
LOAD d:/xtx串口助手/mounriver_studio/toolchain/risc-v embedded gcc/bin/../lib/gcc/riscv-none-embed/8.2.0/../../../../riscv-none-embed/lib/rv32imac/ilp32\libnosys.a
END GROUP
START GROUP
LOAD d:/xtx串口助手/mounriver_studio/toolchain/risc-v embedded gcc/bin/../lib/gcc/riscv-none-embed/8.2.0/rv32imac/ilp32\libgcc.a
LOAD d:/xtx串口助手/mounriver_studio/toolchain/risc-v embedded gcc/bin/../lib/gcc/riscv-none-embed/8.2.0/../../../../riscv-none-embed/lib/rv32imac/ilp32\libc_nano.a
LOAD d:/xtx串口助手/mounriver_studio/toolchain/risc-v embedded gcc/bin/../lib/gcc/riscv-none-embed/8.2.0/../../../../riscv-none-embed/lib/rv32imac/ilp32\libnosys.a
END GROUP
                0x0000000000000200                __stack_size = 0x200
                [!provide]                        PROVIDE (_stack_size = __stack_size)

.init           0x0000000000000000        0x4
                0x0000000000000000                _sinit = .
                0x0000000000000000                . = ALIGN (0x4)
 *(SORT_NONE(.init))
 .init          0x0000000000000000        0x4 ./Startup/startup_CH592.o
                0x0000000000000000                _start
                0x0000000000000004                . = ALIGN (0x4)
                0x0000000000000004                _einit = .

.highcodelalign
                0x0000000000000004        0x0
                0x0000000000000004                . = ALIGN (0x4)
                0x0000000000000004                PROVIDE (_highcode_lma = .)

.highcode       0x0000000020000000      0x768 load address 0x0000000000000004
                0x0000000020000000                . = ALIGN (0x4)
                0x0000000020000000                PROVIDE (_highcode_vma_start = .)
 *(.vector)
 .vector        0x0000000020000000       0x90 ./Startup/startup_CH592.o
 *(SORT_NONE(.vector_handler))
 .vector_handler
                0x0000000020000090        0x2 ./Startup/startup_CH592.o
                0x0000000020000090                GPIOB_IRQHandler
                0x0000000020000090                GPIOA_IRQHandler
                0x0000000020000090                SysTick_Handler
                0x0000000020000090                NMI_Handler
                0x0000000020000090                UART1_IRQHandler
                0x0000000020000090                UART0_IRQHandler
                0x0000000020000090                BB_IRQHandler
                0x0000000020000090                Break_Point_Handler
                0x0000000020000090                TMR0_IRQHandler
                0x0000000020000090                Ecall_M_Mode_Handler
                0x0000000020000090                RTC_IRQHandler
                0x0000000020000090                UART2_IRQHandler
                0x0000000020000090                PWMX_IRQHandler
                0x0000000020000090                ADC_IRQHandler
                0x0000000020000090                TMR2_IRQHandler
                0x0000000020000090                USB_IRQHandler
                0x0000000020000090                I2C_IRQHandler
                0x0000000020000090                LLE_IRQHandler
                0x0000000020000090                WDOG_BAT_IRQHandler
                0x0000000020000090                Ecall_U_Mode_Handler
                0x0000000020000090                TMR3_IRQHandler
                0x0000000020000090                SW_Handler
                0x0000000020000090                SPI0_IRQHandler
                0x0000000020000090                UART3_IRQHandler
                0x0000000020000090                TMR1_IRQHandler
 *(.highcode)
 .highcode      0x0000000020000092      0x2b0 ./StdPeriphDriver/CH59x_sys.o
                0x0000000020000092                SetSysClock
                0x0000000020000234                SYS_ResetExecute
                0x000000002000028c                HardFault_Handler
                0x000000002000030c                mDelayuS
                0x000000002000031a                mDelaymS
 .highcode      0x0000000020000342      0x426 D:\CH592\EVT\EXAM\SRC\StdPeriphDriver\libISP592.a(ISP583.o)
                0x0000000020000342                FLASH_ROM_BEG
                0x0000000020000354                FLASH_ROM_END
                0x0000000020000362                FLASH_ROM_IN
                0x0000000020000370                FLASH_ROM_OUT
                0x000000002000037e                FLASH_ROM_ADDR
                0x00000000200003c6                FLASH_ROM_WAIT
                0x00000000200003fe                FLASH_EEPROM_CMD
 *(.highcode.*)
                0x0000000020000768                . = ALIGN (0x4)
                0x0000000020000768                PROVIDE (_highcode_vma_end = .)

.text           0x000000000000076c      0x888
                0x000000000000076c                . = ALIGN (0x4)
 *(SORT_NONE(.handle_reset))
 .handle_reset  0x000000000000076c       0xb2 ./Startup/startup_CH592.o
                0x000000000000076c                handle_reset
 *(.text)
 .text          0x000000000000081e      0x11e d:/xtx串口助手/mounriver_studio/toolchain/risc-v embedded gcc/bin/../lib/gcc/riscv-none-embed/8.2.0/../../../../riscv-none-embed/lib/rv32imac/ilp32\libg_nano.a(lib_a-strcmp.o)
                0x000000000000081e                strcmp
 *(.text.*)
 .text.startup.main
                0x000000000000093c       0x32 ./src/Main.o
                0x000000000000093c                main
 .text.Set0Code
                0x000000000000096e       0x22 ./src/ws2812.o
                0x000000000000096e                Set0Code
 .text.Set0Code1
                0x0000000000000990       0x22 ./src/ws2812.o
                0x0000000000000990                Set0Code1
 .text.Set0Code2
                0x00000000000009b2       0x22 ./src/ws2812.o
                0x00000000000009b2                Set0Code2
 .text.Set1Code
                0x00000000000009d4       0x2e ./src/ws2812.o
                0x00000000000009d4                Set1Code
 .text.Set1Code1
                0x0000000000000a02       0x2e ./src/ws2812.o
                0x0000000000000a02                Set1Code1
 .text.Set1Code2
                0x0000000000000a30       0x2e ./src/ws2812.o
                0x0000000000000a30                Set1Code2
 .text.SendOnePix
                0x0000000000000a5e       0x52 ./src/ws2812.o
                0x0000000000000a5e                SendOnePix
 .text.SendOnePix1
                0x0000000000000ab0       0x52 ./src/ws2812.o
                0x0000000000000ab0                SendOnePix1
 .text.SendOnePix2
                0x0000000000000b02       0x52 ./src/ws2812.o
                0x0000000000000b02                SendOnePix2
 .text.SendOneFrame
                0x0000000000000b54       0x2e ./src/ws2812.o
                0x0000000000000b54                SendOneFrame
 .text.SendOneFrame1
                0x0000000000000b82       0x2e ./src/ws2812.o
                0x0000000000000b82                SendOneFrame1
 .text.SendOneFrame2
                0x0000000000000bb0       0x2e ./src/ws2812.o
                0x0000000000000bb0                SendOneFrame2
 .text.chuli_proc
                0x0000000000000bde      0x2de ./src/ws2812.o
                0x0000000000000bde                chuli_proc
 .text.GPIOB_ModeCfg
                0x0000000000000ebc       0xa6 ./StdPeriphDriver/CH59x_gpio.o
                0x0000000000000ebc                GPIOB_ModeCfg
 .text.strlen   0x0000000000000f62       0x12 d:/xtx串口助手/mounriver_studio/toolchain/risc-v embedded gcc/bin/../lib/gcc/riscv-none-embed/8.2.0/../../../../riscv-none-embed/lib/rv32imac/ilp32\libg_nano.a(lib_a-strlen.o)
                0x0000000000000f62                strlen
 .text.strncpy  0x0000000000000f74       0x24 d:/xtx串口助手/mounriver_studio/toolchain/risc-v embedded gcc/bin/../lib/gcc/riscv-none-embed/8.2.0/../../../../riscv-none-embed/lib/rv32imac/ilp32\libg_nano.a(lib_a-strncpy.o)
                0x0000000000000f74                strncpy
 *(.rodata)
 *(.rodata*)
 .rodata.chuli_proc.str1.4
                0x0000000000000f98       0x48 ./src/ws2812.o
                                         0x45 (size before relaxing)
 .rodata.GPIOB_ModeCfg
                0x0000000000000fe0       0x14 ./StdPeriphDriver/CH59x_gpio.o
 *(.sdata2.*)
 *(.glue_7)
 *(.glue_7t)
 *(.gnu.linkonce.t.*)
                0x0000000000000ff4                . = ALIGN (0x4)

.rela.dyn       0x0000000000000ff4        0x0
 .rela.init     0x0000000000000ff4        0x0 ./src/Main.o
 .rela.vector   0x0000000000000ff4        0x0 ./src/Main.o
 .rela.handle_reset
                0x0000000000000ff4        0x0 ./src/Main.o

.fini           0x0000000000000ff4        0x0
 *(SORT_NONE(.fini))
                0x0000000000000ff4                . = ALIGN (0x4)
                [!provide]                        PROVIDE (_etext = .)
                [!provide]                        PROVIDE (_eitcm = .)

.preinit_array  0x0000000000000ff4        0x0
                [!provide]                        PROVIDE (__preinit_array_start = .)
 *(.preinit_array)
                [!provide]                        PROVIDE (__preinit_array_end = .)

.init_array     0x0000000000000ff4        0x0
                [!provide]                        PROVIDE (__init_array_start = .)
 *(SORT_BY_INIT_PRIORITY(.init_array.*) SORT_BY_INIT_PRIORITY(.ctors.*))
 *(.init_array EXCLUDE_FILE(*crtend?.o *crtend.o *crtbegin?.o *crtbegin.o) .ctors)
                [!provide]                        PROVIDE (__init_array_end = .)

.fini_array     0x0000000000000ff4        0x0
                [!provide]                        PROVIDE (__fini_array_start = .)
 *(SORT_BY_INIT_PRIORITY(.fini_array.*) SORT_BY_INIT_PRIORITY(.dtors.*))
 *(.fini_array EXCLUDE_FILE(*crtend?.o *crtend.o *crtbegin?.o *crtbegin.o) .dtors)
                [!provide]                        PROVIDE (__fini_array_end = .)

.ctors
 *crtbegin.o(.ctors)
 *crtbegin?.o(.ctors)
 *(EXCLUDE_FILE(*crtend?.o *crtend.o) .ctors)
 *(SORT_BY_NAME(.ctors.*))
 *(.ctors)

.dtors
 *crtbegin.o(.dtors)
 *crtbegin?.o(.dtors)
 *(EXCLUDE_FILE(*crtend?.o *crtend.o) .dtors)
 *(SORT_BY_NAME(.dtors.*))
 *(.dtors)

.dalign         0x0000000020000768        0x0 load address 0x0000000000000ff4
                0x0000000020000768                . = (ORIGIN (RAM) + SIZEOF (.highcode))

.dlalign        0x0000000000000ff4        0x0
                0x0000000000000ff4                . = ALIGN (0x4)
                0x0000000000000ff4                PROVIDE (_data_lma = .)

.data           0x0000000020000768       0x10 load address 0x0000000000000ff4
                0x0000000020000768                . = ALIGN (0x4)
                0x0000000020000768                PROVIDE (_data_vma = .)
 *(.gnu.linkonce.r.*)
 *(.data .data.*)
 .data.message  0x0000000020000768        0xe ./src/ws2812.o
                0x0000000020000768                message
 *(.gnu.linkonce.d.*)
                0x0000000020000778                . = ALIGN (0x8)
 *fill*         0x0000000020000776        0x2 
                0x0000000020000f78                PROVIDE (__global_pointer$ = (. + 0x800))
 *(.sdata .sdata.*)
 *(.gnu.linkonce.s.*)
                0x0000000020000778                . = ALIGN (0x8)
 *(.srodata.cst16)
 *(.srodata.cst8)
 *(.srodata.cst4)
 *(.srodata.cst2)
 *(.srodata .srodata.*)
                0x0000000020000778                . = ALIGN (0x4)
                0x0000000020000778                PROVIDE (_edata = .)

.bss            0x0000000020000778       0x64 load address 0x0000000000001004
                0x0000000020000778                . = ALIGN (0x4)
                0x0000000020000778                PROVIDE (_sbss = .)
 *(.sbss*)
 .sbss.ione     0x0000000020000778        0x4 ./src/ws2812.o
                0x0000000020000778                ione
 .sbss.ithree   0x000000002000077c        0x4 ./src/ws2812.o
                0x000000002000077c                ithree
 .sbss.itwo     0x0000000020000780        0x4 ./src/ws2812.o
                0x0000000020000780                itwo
 .sbss.numberone
                0x0000000020000784        0x4 ./src/ws2812.o
                0x0000000020000784                numberone
 .sbss.numberthree
                0x0000000020000788        0x4 ./src/ws2812.o
                0x0000000020000788                numberthree
 .sbss.numbertwo
                0x000000002000078c        0x4 ./src/ws2812.o
                0x000000002000078c                numbertwo
 *(.gnu.linkonce.sb.*)
 *(.bss*)
 .bss.buf       0x0000000020000790        0x9 ./src/ws2812.o
                0x0000000020000790                buf
 *fill*         0x0000000020000799        0x3 
 .bss.buf1      0x000000002000079c        0x9 ./src/ws2812.o
                0x000000002000079c                buf1
 *fill*         0x00000000200007a5        0x3 
 .bss.buf2      0x00000000200007a8        0x9 ./src/ws2812.o
                0x00000000200007a8                buf2
 *fill*         0x00000000200007b1        0x3 
 .bss.segments  0x00000000200007b4       0x28 ./src/ws2812.o
                0x00000000200007b4                segments
 *(.gnu.linkonce.b.*)
 *(COMMON*)
                0x00000000200007dc                . = ALIGN (0x4)
                0x00000000200007dc                PROVIDE (_ebss = .)
                0x00000000200007dc                PROVIDE (_end = _ebss)
                [!provide]                        PROVIDE (end = .)

.stack          0x0000000020006600      0x200
                0x0000000020006600                PROVIDE (_heap_end = .)
                0x0000000020006600                . = ALIGN (0x4)
                [!provide]                        PROVIDE (_susrstack = .)
                0x0000000020006800                . = (. + __stack_size)
 *fill*         0x0000000020006600      0x200 
                0x0000000020006800                PROVIDE (_eusrstack = .)
OUTPUT(PWMX.elf elf32-littleriscv)

.debug_info     0x0000000000000000     0x4738
 .debug_info    0x0000000000000000      0xd44 ./src/Main.o
 .debug_info    0x0000000000000d44     0x1303 ./src/ws2812.o
 .debug_info    0x0000000000002047      0xe32 ./StdPeriphDriver/CH59x_gpio.o
 .debug_info    0x0000000000002e79     0x189d ./StdPeriphDriver/CH59x_sys.o
 .debug_info    0x0000000000004716       0x22 ./Startup/startup_CH592.o

.debug_abbrev   0x0000000000000000      0xba2
 .debug_abbrev  0x0000000000000000      0x229 ./src/Main.o
 .debug_abbrev  0x0000000000000229      0x2ac ./src/ws2812.o
 .debug_abbrev  0x00000000000004d5      0x268 ./StdPeriphDriver/CH59x_gpio.o
 .debug_abbrev  0x000000000000073d      0x453 ./StdPeriphDriver/CH59x_sys.o
 .debug_abbrev  0x0000000000000b90       0x12 ./Startup/startup_CH592.o

.debug_aranges  0x0000000000000000      0x1a8
 .debug_aranges
                0x0000000000000000       0x20 ./src/Main.o
 .debug_aranges
                0x0000000000000020       0x80 ./src/ws2812.o
 .debug_aranges
                0x00000000000000a0       0x48 ./StdPeriphDriver/CH59x_gpio.o
 .debug_aranges
                0x00000000000000e8       0x90 ./StdPeriphDriver/CH59x_sys.o
 .debug_aranges
                0x0000000000000178       0x30 ./Startup/startup_CH592.o

.debug_ranges   0x0000000000000000      0x1f8
 .debug_ranges  0x0000000000000000       0x10 ./src/Main.o
 .debug_ranges  0x0000000000000010       0x90 ./src/ws2812.o
 .debug_ranges  0x00000000000000a0       0x38 ./StdPeriphDriver/CH59x_gpio.o
 .debug_ranges  0x00000000000000d8       0xf8 ./StdPeriphDriver/CH59x_sys.o
 .debug_ranges  0x00000000000001d0       0x28 ./Startup/startup_CH592.o

.debug_line     0x0000000000000000     0x29e8
 .debug_line    0x0000000000000000      0x2a0 ./src/Main.o
 .debug_line    0x00000000000002a0      0xd1d ./src/ws2812.o
 .debug_line    0x0000000000000fbd      0x743 ./StdPeriphDriver/CH59x_gpio.o
 .debug_line    0x0000000000001700     0x118a ./StdPeriphDriver/CH59x_sys.o
 .debug_line    0x000000000000288a      0x15e ./Startup/startup_CH592.o

.debug_str      0x0000000000000000      0xddc
 .debug_str     0x0000000000000000      0x8bd ./src/Main.o
                                        0x93e (size before relaxing)
 .debug_str     0x00000000000008bd      0x11b ./src/ws2812.o
                                        0x912 (size before relaxing)
 .debug_str     0x00000000000009d8      0x12d ./StdPeriphDriver/CH59x_gpio.o
                                        0x986 (size before relaxing)
 .debug_str     0x0000000000000b05      0x29d ./StdPeriphDriver/CH59x_sys.o
                                        0xbaf (size before relaxing)
 .debug_str     0x0000000000000da2       0x3a ./Startup/startup_CH592.o
                                         0x55 (size before relaxing)

.comment        0x0000000000000000       0x33
 .comment       0x0000000000000000       0x33 ./src/Main.o
                                         0x34 (size before relaxing)
 .comment       0x0000000000000033       0x34 ./src/ws2812.o
 .comment       0x0000000000000033       0x34 ./StdPeriphDriver/CH59x_gpio.o
 .comment       0x0000000000000033       0x34 ./StdPeriphDriver/CH59x_sys.o
 .comment       0x0000000000000033       0x34 D:\CH592\EVT\EXAM\SRC\StdPeriphDriver\libISP592.a(ISP583.o)

.debug_frame    0x0000000000000000      0x3d4
 .debug_frame   0x0000000000000000       0x28 ./src/Main.o
 .debug_frame   0x0000000000000028      0x1b0 ./src/ws2812.o
 .debug_frame   0x00000000000001d8       0x70 ./StdPeriphDriver/CH59x_gpio.o
 .debug_frame   0x0000000000000248      0x14c ./StdPeriphDriver/CH59x_sys.o
 .debug_frame   0x0000000000000394       0x20 d:/xtx串口助手/mounriver_studio/toolchain/risc-v embedded gcc/bin/../lib/gcc/riscv-none-embed/8.2.0/../../../../riscv-none-embed/lib/rv32imac/ilp32\libg_nano.a(lib_a-strlen.o)
 .debug_frame   0x00000000000003b4       0x20 d:/xtx串口助手/mounriver_studio/toolchain/risc-v embedded gcc/bin/../lib/gcc/riscv-none-embed/8.2.0/../../../../riscv-none-embed/lib/rv32imac/ilp32\libg_nano.a(lib_a-strncpy.o)

.debug_loc      0x0000000000000000      0xb91
 .debug_loc     0x0000000000000000      0x424 ./src/ws2812.o
 .debug_loc     0x0000000000000424      0x361 ./StdPeriphDriver/CH59x_gpio.o
 .debug_loc     0x0000000000000785      0x40c ./StdPeriphDriver/CH59x_sys.o
